 
****************************************
Report : compile_options
Design : FIFO_TOP
Version: K-2015.06
Date   : Thu Feb 23 03:31:50 2023
****************************************

Design                                   Compile Option         Value
--------------------------------------------------------------------------------
FIFO_TOP                                 flatten                false
                                         structure              true
                                         structure_boolean      false
                                         structure_timing       true
                                         fix_multiple_port_nets feedthroughs
                                                                constants
                                                                outputs
                                                                buffer_constants
                                         isolate_port           disabled
--------------------------------------------------------------------------------
