 
****************************************
Report : constraint
        -all_violators
Design : FIFO_TOP
Version: K-2015.06
Date   : Wed Feb 22 23:28:16 2023
****************************************


   max_delay/setup ('R_CLK' group)

                             Required        Actual
   Endpoint                 Path Delay     Path Delay        Slack
   -----------------------------------------------------------------
   R_Data[3]                   18.20          20.36 r        -2.16  (VIOLATED)
   R_Data[5]                   18.20          20.36 r        -2.16  (VIOLATED)
   R_Data[2]                   18.20          20.36 r        -2.16  (VIOLATED)
   R_Data[4]                   18.20          20.36 r        -2.16  (VIOLATED)
   R_Data[0]                   18.20          20.36 r        -2.16  (VIOLATED)
   R_Data[1]                   18.20          20.36 r        -2.16  (VIOLATED)
   R_Data[6]                   18.20          20.35 r        -2.15  (VIOLATED)
   R_Data[7]                   18.20          20.34 r        -2.14  (VIOLATED)


   min_delay/hold ('R_CLK' group)

                             Required        Actual
   Endpoint                 Path Delay     Path Delay        Slack
   -----------------------------------------------------------------
   Sync_W2R_F5/Rq2_wptr_reg[0]/D     2.95      0.65 f        -2.29  (VIOLATED)
   Sync_W2R_F5/Rq2_wptr_reg[1]/D     2.95      0.65 f        -2.29  (VIOLATED)
   Sync_W2R_F5/Rq2_wptr_reg[2]/D     2.95      0.65 f        -2.29  (VIOLATED)
   Sync_W2R_F5/Rq2_wptr_reg[3]/D     2.95      0.65 f        -2.29  (VIOLATED)
   Sync_W2R_F5/Rq2_wptr_reg[4]/D     2.95      0.65 f        -2.29  (VIOLATED)
   FIFO_R_Pointer_F2/Binary_R_ptr_reg[3]/D     2.87     1.13 f    -1.74 (VIOLATED)
   FIFO_R_Pointer_F2/R_ptr_reg[3]/D     2.94     1.58 f      -1.37  (VIOLATED)
   FIFO_R_Pointer_F2/Binary_R_ptr_reg[0]/D     2.86     1.50 f    -1.36 (VIOLATED)
   FIFO_R_Pointer_F2/R_ptr_reg[2]/D     2.91     1.66 f      -1.26  (VIOLATED)
   FIFO_R_Pointer_F2/R_empty_reg/D     2.77     1.66 r       -1.11  (VIOLATED)
   FIFO_R_Pointer_F2/Binary_R_ptr_reg[4]/D     2.90     1.86 f    -1.04 (VIOLATED)
   FIFO_R_Pointer_F2/Binary_R_ptr_reg[2]/D     2.84     1.86 f    -0.98 (VIOLATED)
   FIFO_R_Pointer_F2/R_ptr_reg[0]/D     2.76     1.90 r      -0.87  (VIOLATED)
   FIFO_R_Pointer_F2/R_ptr_reg[1]/D     2.76     2.14 r      -0.63  (VIOLATED)
   FIFO_R_Pointer_F2/Binary_R_ptr_reg[1]/D     2.90     2.69 r    -0.22 (VIOLATED)


   min_delay/hold ('W_CLK' group)

                             Required        Actual
   Endpoint                 Path Delay     Path Delay        Slack
   -----------------------------------------------------------------
   Sync_R2W_F4/Wq2_rptr_reg[0]/D     2.95      0.65 f        -2.29  (VIOLATED)
   Sync_R2W_F4/Wq2_rptr_reg[1]/D     2.95      0.65 f        -2.29  (VIOLATED)
   Sync_R2W_F4/Wq2_rptr_reg[2]/D     2.95      0.65 f        -2.29  (VIOLATED)
   Sync_R2W_F4/Wq2_rptr_reg[3]/D     2.95      0.65 f        -2.29  (VIOLATED)
   Sync_R2W_F4/Wq2_rptr_reg[4]/D     2.95      0.65 f        -2.29  (VIOLATED)
   ASYNC_FIFO_RAM_F3/MEM_reg[13][7]/D     2.87     0.72 f    -2.15  (VIOLATED)
   ASYNC_FIFO_RAM_F3/MEM_reg[1][4]/D     2.87     0.73 f     -2.14  (VIOLATED)
   ASYNC_FIFO_RAM_F3/MEM_reg[3][1]/D     2.86     0.93 f     -1.93  (VIOLATED)
   ASYNC_FIFO_RAM_F3/MEM_reg[13][1]/D     2.86     0.93 f    -1.93  (VIOLATED)
   ASYNC_FIFO_RAM_F3/MEM_reg[1][3]/D     2.86     0.93 f     -1.93  (VIOLATED)
   ASYNC_FIFO_RAM_F3/MEM_reg[13][0]/D     2.87     1.03 f    -1.84  (VIOLATED)
   ASYNC_FIFO_RAM_F3/MEM_reg[13][3]/D     2.87     1.03 f    -1.84  (VIOLATED)
   ASYNC_FIFO_RAM_F3/MEM_reg[7][6]/D     2.87     1.04 f     -1.82  (VIOLATED)
   ASYNC_FIFO_RAM_F3/MEM_reg[15][3]/D     2.87     1.04 f    -1.82  (VIOLATED)
   ASYNC_FIFO_RAM_F3/MEM_reg[15][4]/D     2.87     1.04 f    -1.82  (VIOLATED)
   ASYNC_FIFO_RAM_F3/MEM_reg[3][5]/D     2.87     1.05 f     -1.82  (VIOLATED)
   ASYNC_FIFO_RAM_F3/MEM_reg[13][6]/D     2.87     1.05 f    -1.82  (VIOLATED)
   ASYNC_FIFO_RAM_F3/MEM_reg[5][5]/D     2.87     1.05 f     -1.82  (VIOLATED)
   ASYNC_FIFO_RAM_F3/MEM_reg[2][5]/D     2.87     1.05 f     -1.82  (VIOLATED)
   ASYNC_FIFO_RAM_F3/MEM_reg[12][1]/D     2.87     1.05 f    -1.82  (VIOLATED)
   ASYNC_FIFO_RAM_F3/MEM_reg[0][5]/D     2.87     1.05 f     -1.82  (VIOLATED)
   ASYNC_FIFO_RAM_F3/MEM_reg[0][7]/D     2.87     1.06 f     -1.81  (VIOLATED)
   ASYNC_FIFO_RAM_F3/MEM_reg[5][3]/D     2.87     1.07 f     -1.80  (VIOLATED)
   ASYNC_FIFO_RAM_F3/MEM_reg[11][1]/D     2.87     1.07 f    -1.80  (VIOLATED)
   ASYNC_FIFO_RAM_F3/MEM_reg[14][2]/D     2.87     1.10 f    -1.77  (VIOLATED)
   FIFO_Write_Pointer_F1/W_ptr_reg[1]/D     2.94     1.28 f    -1.66 (VIOLATED)
   ASYNC_FIFO_RAM_F3/MEM_reg[4][0]/D     2.86     1.28 f     -1.58  (VIOLATED)
   ASYNC_FIFO_RAM_F3/MEM_reg[4][3]/D     2.86     1.28 f     -1.58  (VIOLATED)
   ASYNC_FIFO_RAM_F3/MEM_reg[4][4]/D     2.86     1.28 f     -1.58  (VIOLATED)
   ASYNC_FIFO_RAM_F3/MEM_reg[5][6]/D     2.86     1.28 f     -1.58  (VIOLATED)
   ASYNC_FIFO_RAM_F3/MEM_reg[6][1]/D     2.86     1.28 f     -1.58  (VIOLATED)
   ASYNC_FIFO_RAM_F3/MEM_reg[7][1]/D     2.86     1.28 f     -1.58  (VIOLATED)
   ASYNC_FIFO_RAM_F3/MEM_reg[8][3]/D     2.86     1.28 f     -1.58  (VIOLATED)
   ASYNC_FIFO_RAM_F3/MEM_reg[8][4]/D     2.86     1.28 f     -1.58  (VIOLATED)
   ASYNC_FIFO_RAM_F3/MEM_reg[12][3]/D     2.86     1.28 f    -1.58  (VIOLATED)
   ASYNC_FIFO_RAM_F3/MEM_reg[13][4]/D     2.86     1.28 f    -1.58  (VIOLATED)
   ASYNC_FIFO_RAM_F3/MEM_reg[14][0]/D     2.86     1.28 f    -1.58  (VIOLATED)
   ASYNC_FIFO_RAM_F3/MEM_reg[1][6]/D     2.86     1.28 f     -1.58  (VIOLATED)
   ASYNC_FIFO_RAM_F3/MEM_reg[4][2]/D     2.86     1.29 f     -1.58  (VIOLATED)
   ASYNC_FIFO_RAM_F3/MEM_reg[4][5]/D     2.86     1.29 f     -1.58  (VIOLATED)
   FIFO_Write_Pointer_F1/W_ptr_reg[4]/D     2.92     1.35 f    -1.58 (VIOLATED)
   ASYNC_FIFO_RAM_F3/MEM_reg[2][7]/D     2.86     1.29 f     -1.58  (VIOLATED)
   ASYNC_FIFO_RAM_F3/MEM_reg[8][7]/D     2.86     1.29 f     -1.58  (VIOLATED)
   ASYNC_FIFO_RAM_F3/MEM_reg[1][0]/D     2.86     1.29 f     -1.57  (VIOLATED)
   ASYNC_FIFO_RAM_F3/MEM_reg[15][6]/D     2.86     1.29 f    -1.57  (VIOLATED)
   ASYNC_FIFO_RAM_F3/MEM_reg[7][5]/D     2.86     1.29 f     -1.57  (VIOLATED)
   ASYNC_FIFO_RAM_F3/MEM_reg[10][3]/D     2.86     1.29 f    -1.57  (VIOLATED)
   ASYNC_FIFO_RAM_F3/MEM_reg[10][4]/D     2.86     1.29 f    -1.57  (VIOLATED)
   ASYNC_FIFO_RAM_F3/MEM_reg[10][2]/D     2.86     1.29 f    -1.57  (VIOLATED)
   ASYNC_FIFO_RAM_F3/MEM_reg[9][3]/D     2.86     1.29 f     -1.57  (VIOLATED)
   ASYNC_FIFO_RAM_F3/MEM_reg[9][4]/D     2.86     1.29 f     -1.57  (VIOLATED)
   ASYNC_FIFO_RAM_F3/MEM_reg[12][4]/D     2.86     1.29 f    -1.57  (VIOLATED)
   ASYNC_FIFO_RAM_F3/MEM_reg[4][6]/D     2.86     1.29 f     -1.57  (VIOLATED)
   ASYNC_FIFO_RAM_F3/MEM_reg[3][2]/D     2.86     1.29 f     -1.57  (VIOLATED)
   ASYNC_FIFO_RAM_F3/MEM_reg[2][2]/D     2.86     1.30 f     -1.57  (VIOLATED)
   ASYNC_FIFO_RAM_F3/MEM_reg[6][5]/D     2.86     1.30 f     -1.57  (VIOLATED)
   ASYNC_FIFO_RAM_F3/MEM_reg[11][3]/D     2.86     1.30 f    -1.57  (VIOLATED)
   ASYNC_FIFO_RAM_F3/MEM_reg[11][4]/D     2.86     1.30 f    -1.57  (VIOLATED)
   ASYNC_FIFO_RAM_F3/MEM_reg[14][6]/D     2.86     1.30 f    -1.57  (VIOLATED)
   FIFO_Write_Pointer_F1/W_Full_reg/D     2.95     1.38 f    -1.57  (VIOLATED)
   ASYNC_FIFO_RAM_F3/MEM_reg[1][2]/D     2.86     1.30 f     -1.56  (VIOLATED)
   ASYNC_FIFO_RAM_F3/MEM_reg[14][7]/D     2.86     1.30 f    -1.56  (VIOLATED)
   ASYNC_FIFO_RAM_F3/MEM_reg[9][2]/D     2.86     1.31 f     -1.56  (VIOLATED)
   ASYNC_FIFO_RAM_F3/MEM_reg[15][1]/D     2.86     1.31 f    -1.55  (VIOLATED)
   ASYNC_FIFO_RAM_F3/MEM_reg[5][7]/D     2.86     1.31 f     -1.55  (VIOLATED)
   ASYNC_FIFO_RAM_F3/MEM_reg[7][2]/D     2.86     1.31 f     -1.55  (VIOLATED)
   ASYNC_FIFO_RAM_F3/MEM_reg[9][7]/D     2.86     1.31 f     -1.55  (VIOLATED)
   ASYNC_FIFO_RAM_F3/MEM_reg[11][2]/D     2.86     1.31 f    -1.55  (VIOLATED)
   ASYNC_FIFO_RAM_F3/MEM_reg[14][1]/D     2.86     1.31 f    -1.55  (VIOLATED)
   ASYNC_FIFO_RAM_F3/MEM_reg[4][1]/D     2.86     1.31 f     -1.55  (VIOLATED)
   ASYNC_FIFO_RAM_F3/MEM_reg[15][5]/D     2.86     1.32 f    -1.55  (VIOLATED)
   ASYNC_FIFO_RAM_F3/MEM_reg[7][3]/D     2.86     1.32 f     -1.55  (VIOLATED)
   ASYNC_FIFO_RAM_F3/MEM_reg[7][4]/D     2.86     1.32 f     -1.55  (VIOLATED)
   ASYNC_FIFO_RAM_F3/MEM_reg[11][0]/D     2.86     1.32 f    -1.55  (VIOLATED)
   ASYNC_FIFO_RAM_F3/MEM_reg[2][0]/D     2.86     1.32 f     -1.55  (VIOLATED)
   ASYNC_FIFO_RAM_F3/MEM_reg[2][6]/D     2.86     1.32 f     -1.55  (VIOLATED)
   ASYNC_FIFO_RAM_F3/MEM_reg[6][0]/D     2.86     1.32 f     -1.55  (VIOLATED)
   ASYNC_FIFO_RAM_F3/MEM_reg[6][3]/D     2.86     1.32 f     -1.55  (VIOLATED)
   ASYNC_FIFO_RAM_F3/MEM_reg[6][4]/D     2.86     1.32 f     -1.55  (VIOLATED)
   ASYNC_FIFO_RAM_F3/MEM_reg[6][6]/D     2.86     1.32 f     -1.55  (VIOLATED)
   ASYNC_FIFO_RAM_F3/MEM_reg[8][1]/D     2.86     1.32 f     -1.55  (VIOLATED)
   ASYNC_FIFO_RAM_F3/MEM_reg[10][0]/D     2.86     1.32 f    -1.55  (VIOLATED)
   ASYNC_FIFO_RAM_F3/MEM_reg[14][3]/D     2.86     1.32 f    -1.55  (VIOLATED)
   ASYNC_FIFO_RAM_F3/MEM_reg[14][4]/D     2.86     1.32 f    -1.55  (VIOLATED)
   ASYNC_FIFO_RAM_F3/MEM_reg[11][6]/D     2.86     1.32 f    -1.55  (VIOLATED)
   ASYNC_FIFO_RAM_F3/MEM_reg[13][2]/D     2.86     1.32 f    -1.55  (VIOLATED)
   ASYNC_FIFO_RAM_F3/MEM_reg[13][5]/D     2.86     1.32 f    -1.55  (VIOLATED)
   ASYNC_FIFO_RAM_F3/MEM_reg[3][4]/D     2.86     1.32 f     -1.54  (VIOLATED)
   ASYNC_FIFO_RAM_F3/MEM_reg[5][2]/D     2.86     1.32 f     -1.54  (VIOLATED)
   ASYNC_FIFO_RAM_F3/MEM_reg[15][0]/D     2.86     1.32 f    -1.54  (VIOLATED)
   ASYNC_FIFO_RAM_F3/MEM_reg[2][4]/D     2.86     1.32 f     -1.54  (VIOLATED)
   ASYNC_FIFO_RAM_F3/MEM_reg[10][6]/D     2.86     1.32 f    -1.54  (VIOLATED)
   ASYNC_FIFO_RAM_F3/MEM_reg[12][2]/D     2.86     1.32 f    -1.54  (VIOLATED)
   ASYNC_FIFO_RAM_F3/MEM_reg[12][5]/D     2.86     1.32 f    -1.54  (VIOLATED)
   ASYNC_FIFO_RAM_F3/MEM_reg[12][6]/D     2.86     1.32 f    -1.54  (VIOLATED)
   ASYNC_FIFO_RAM_F3/MEM_reg[3][0]/D     2.86     1.32 f     -1.54  (VIOLATED)
   ASYNC_FIFO_RAM_F3/MEM_reg[3][6]/D     2.86     1.32 f     -1.54  (VIOLATED)
   ASYNC_FIFO_RAM_F3/MEM_reg[7][0]/D     2.86     1.32 f     -1.54  (VIOLATED)
   ASYNC_FIFO_RAM_F3/MEM_reg[9][1]/D     2.86     1.32 f     -1.54  (VIOLATED)
   ASYNC_FIFO_RAM_F3/MEM_reg[1][1]/D     2.86     1.32 f     -1.54  (VIOLATED)
   ASYNC_FIFO_RAM_F3/MEM_reg[1][5]/D     2.86     1.32 f     -1.54  (VIOLATED)
   ASYNC_FIFO_RAM_F3/MEM_reg[4][7]/D     2.86     1.32 f     -1.54  (VIOLATED)
   ASYNC_FIFO_RAM_F3/MEM_reg[9][5]/D     2.86     1.32 f     -1.54  (VIOLATED)
   ASYNC_FIFO_RAM_F3/MEM_reg[14][5]/D     2.86     1.32 f    -1.54  (VIOLATED)
   ASYNC_FIFO_RAM_F3/MEM_reg[0][2]/D     2.86     1.32 f     -1.54  (VIOLATED)
   ASYNC_FIFO_RAM_F3/MEM_reg[0][3]/D     2.86     1.32 f     -1.54  (VIOLATED)
   ASYNC_FIFO_RAM_F3/MEM_reg[0][6]/D     2.86     1.32 f     -1.54  (VIOLATED)
   ASYNC_FIFO_RAM_F3/MEM_reg[2][3]/D     2.86     1.32 f     -1.54  (VIOLATED)
   ASYNC_FIFO_RAM_F3/MEM_reg[3][3]/D     2.86     1.32 f     -1.54  (VIOLATED)
   ASYNC_FIFO_RAM_F3/MEM_reg[5][4]/D     2.86     1.32 f     -1.54  (VIOLATED)
   ASYNC_FIFO_RAM_F3/MEM_reg[8][2]/D     2.86     1.32 f     -1.54  (VIOLATED)
   ASYNC_FIFO_RAM_F3/MEM_reg[2][1]/D     2.86     1.33 f     -1.53  (VIOLATED)
   ASYNC_FIFO_RAM_F3/MEM_reg[0][1]/D     2.86     1.34 f     -1.53  (VIOLATED)
   ASYNC_FIFO_RAM_F3/MEM_reg[1][7]/D     2.86     1.34 f     -1.53  (VIOLATED)
   ASYNC_FIFO_RAM_F3/MEM_reg[7][7]/D     2.86     1.34 f     -1.53  (VIOLATED)
   ASYNC_FIFO_RAM_F3/MEM_reg[11][5]/D     2.86     1.34 f    -1.53  (VIOLATED)
   ASYNC_FIFO_RAM_F3/MEM_reg[5][1]/D     2.86     1.34 f     -1.52  (VIOLATED)
   ASYNC_FIFO_RAM_F3/MEM_reg[9][0]/D     2.86     1.37 f     -1.50  (VIOLATED)
   ASYNC_FIFO_RAM_F3/MEM_reg[5][0]/D     2.86     1.37 f     -1.50  (VIOLATED)
   ASYNC_FIFO_RAM_F3/MEM_reg[12][0]/D     2.86     1.37 f    -1.50  (VIOLATED)
   ASYNC_FIFO_RAM_F3/MEM_reg[15][2]/D     2.86     1.37 f    -1.50  (VIOLATED)
   ASYNC_FIFO_RAM_F3/MEM_reg[15][7]/D     2.86     1.37 f    -1.50  (VIOLATED)
   ASYNC_FIFO_RAM_F3/MEM_reg[0][4]/D     2.86     1.37 f     -1.50  (VIOLATED)
   ASYNC_FIFO_RAM_F3/MEM_reg[3][7]/D     2.86     1.37 f     -1.50  (VIOLATED)
   ASYNC_FIFO_RAM_F3/MEM_reg[6][7]/D     2.86     1.37 f     -1.50  (VIOLATED)
   ASYNC_FIFO_RAM_F3/MEM_reg[8][0]/D     2.86     1.37 f     -1.50  (VIOLATED)
   ASYNC_FIFO_RAM_F3/MEM_reg[8][6]/D     2.86     1.37 f     -1.50  (VIOLATED)
   ASYNC_FIFO_RAM_F3/MEM_reg[10][1]/D     2.86     1.37 f    -1.50  (VIOLATED)
   ASYNC_FIFO_RAM_F3/MEM_reg[10][5]/D     2.86     1.37 f    -1.50  (VIOLATED)
   ASYNC_FIFO_RAM_F3/MEM_reg[11][7]/D     2.86     1.37 f    -1.50  (VIOLATED)
   ASYNC_FIFO_RAM_F3/MEM_reg[6][2]/D     2.86     1.42 f     -1.45  (VIOLATED)
   ASYNC_FIFO_RAM_F3/MEM_reg[0][0]/D     2.86     1.42 f     -1.45  (VIOLATED)
   ASYNC_FIFO_RAM_F3/MEM_reg[8][5]/D     2.86     1.42 f     -1.45  (VIOLATED)
   ASYNC_FIFO_RAM_F3/MEM_reg[9][6]/D     2.86     1.42 f     -1.45  (VIOLATED)
   ASYNC_FIFO_RAM_F3/MEM_reg[10][7]/D     2.86     1.42 f    -1.45  (VIOLATED)
   ASYNC_FIFO_RAM_F3/MEM_reg[12][7]/D     2.86     1.42 f    -1.45  (VIOLATED)
   FIFO_Write_Pointer_F1/W_ptr_reg[2]/D     2.94     1.50 f    -1.44 (VIOLATED)
   FIFO_Write_Pointer_F1/W_ptr_reg[3]/D     2.96     1.56 f    -1.40 (VIOLATED)
   FIFO_Write_Pointer_F1/Binary_W_ptr_reg[1]/D     2.90     1.90 f    -1.00 (VIOLATED)
   FIFO_Write_Pointer_F1/Binary_W_ptr_reg[3]/D     2.89     2.00 f    -0.89 (VIOLATED)
   FIFO_Write_Pointer_F1/Binary_W_ptr_reg[2]/D     2.90     2.29 f    -0.60 (VIOLATED)
   FIFO_Write_Pointer_F1/W_ptr_reg[0]/D     2.76     2.19 r    -0.58 (VIOLATED)
   FIFO_Write_Pointer_F1/Binary_W_ptr_reg[0]/D     2.71     2.21 r    -0.50 (VIOLATED)


   max_transition

                             Required        Actual
   Net                      Transition     Transition        Slack
   -----------------------------------------------------------------
   R_Data[0]                    1.50          33.73         -32.23  (VIOLATED)
       PIN :   U828/Y           1.50          33.73         -32.23  (VIOLATED)
   R_Data[1]                    1.50          33.72         -32.22  (VIOLATED)
       PIN :   U821/Y           1.50          33.72         -32.22  (VIOLATED)
   R_Data[7]                    1.50          33.72         -32.22  (VIOLATED)
       PIN :   U820/Y           1.50          33.72         -32.22  (VIOLATED)
   R_Data[5]                    1.50          33.72         -32.22  (VIOLATED)
       PIN :   U819/Y           1.50          33.72         -32.22  (VIOLATED)
   R_Data[6]                    1.50          33.71         -32.21  (VIOLATED)
       PIN :   U817/Y           1.50          33.71         -32.21  (VIOLATED)
   R_Data[2]                    1.50          33.71         -32.21  (VIOLATED)
       PIN :   U827/Y           1.50          33.71         -32.21  (VIOLATED)
   R_Data[3]                    1.50          33.71         -32.21  (VIOLATED)
       PIN :   U826/Y           1.50          33.71         -32.21  (VIOLATED)
   R_Data[4]                    1.50          33.71         -32.21  (VIOLATED)
       PIN :   U824/Y           1.50          33.71         -32.21  (VIOLATED)
   Full                         1.50          20.23         -18.73  (VIOLATED)
       PIN :   U810/Y           1.50          20.23         -18.73  (VIOLATED)
   Empty                        1.50          13.49         -11.99  (VIOLATED)
       PIN :   U696/Y           1.50          13.49         -11.99  (VIOLATED)

   -----------------------------------------------------------------
   Total                      10               -288.46  

   max_capacitance

                             Required        Actual
   Net                      Capacitance    Capacitance       Slack
   -----------------------------------------------------------------
   R_Data[0]                    2.95          50.03         -47.08  (VIOLATED)
   R_Data[1]                    2.95          50.03         -47.08  (VIOLATED)
   R_Data[2]                    2.95          50.03         -47.08  (VIOLATED)
   R_Data[3]                    2.95          50.03         -47.08  (VIOLATED)
   R_Data[4]                    2.95          50.03         -47.08  (VIOLATED)
   R_Data[5]                    2.95          50.03         -47.08  (VIOLATED)
   R_Data[6]                    2.95          50.03         -47.08  (VIOLATED)
   R_Data[7]                    2.95          50.03         -47.08  (VIOLATED)
   Full                         2.95          30.03         -27.08  (VIOLATED)
   Empty                        2.95          20.03         -17.08  (VIOLATED)

   -----------------------------------------------------------------
   Total                      10               -420.77  

1
