 
****************************************
Report : constraint
        -all_violators
Design : FIFO_TOP
Version: K-2015.06
Date   : Thu Feb 23 03:02:10 2023
****************************************


Min pulse width constraints

                       Required      Actual
  Pin                pulse width   pulse width   Slack           Scenario
--------------------------------------------------------------------------------
  FIFO_R_Pointer_F2/R_ptr_reg[0]/CK(low)  0.45 -10.30 -10.75 (VIOLATED)
  FIFO_R_Pointer_F2/R_ptr_reg[1]/CK(low)  0.45 -10.30 -10.75 (VIOLATED)
  FIFO_R_Pointer_F2/R_ptr_reg[2]/CK(low)  0.45 -10.30 -10.75 (VIOLATED)
  FIFO_R_Pointer_F2/R_ptr_reg[3]/CK(low)  0.45 -10.30 -10.75 (VIOLATED)
  Sync_W2R_F5/Rq1_wptr_reg[0]/CK(low)  0.45 -10.30 -10.75 (VIOLATED)
  Sync_W2R_F5/Rq1_wptr_reg[1]/CK(low)  0.45 -10.30 -10.75 (VIOLATED)
  Sync_W2R_F5/Rq1_wptr_reg[2]/CK(low)  0.45 -10.30 -10.75 (VIOLATED)
  Sync_W2R_F5/Rq1_wptr_reg[3]/CK(low)  0.45 -10.30 -10.75 (VIOLATED)
  Sync_W2R_F5/Rq1_wptr_reg[4]/CK(low)  0.45 -10.30 -10.75 (VIOLATED)
  Sync_W2R_F5/Rq2_wptr_reg[0]/CK(low)  0.45 -10.30 -10.75 (VIOLATED)
  Sync_W2R_F5/Rq2_wptr_reg[1]/CK(low)  0.45 -10.30 -10.75 (VIOLATED)
  Sync_W2R_F5/Rq2_wptr_reg[2]/CK(low)  0.45 -10.30 -10.75 (VIOLATED)
  Sync_W2R_F5/Rq2_wptr_reg[3]/CK(low)  0.45 -10.30 -10.75 (VIOLATED)
  Sync_W2R_F5/Rq2_wptr_reg[4]/CK(low)  0.45 -10.30 -10.75 (VIOLATED)
  FIFO_R_Pointer_F2/Binary_R_ptr_reg[1]/CK(low)  0.40 -10.30 -10.70 (VIOLATED)
  FIFO_R_Pointer_F2/Binary_R_ptr_reg[4]/CK(low)  0.40 -10.30 -10.70 (VIOLATED)
  FIFO_R_Pointer_F2/Binary_R_ptr_reg[0]/CK(low)  0.35 -10.30 -10.65 (VIOLATED)
  FIFO_R_Pointer_F2/Binary_R_ptr_reg[2]/CK(low)  0.35 -10.30 -10.65 (VIOLATED)
  FIFO_R_Pointer_F2/Binary_R_ptr_reg[3]/CK(low)  0.35 -10.30 -10.65 (VIOLATED)
  FIFO_R_Pointer_F2/R_empty_reg/CK(high)  0.27 -10.30 -10.57 (VIOLATED)
  FIFO_R_Pointer_F2/R_empty_reg/CK(low)  0.26 -10.30 -10.56 (VIOLATED)
  FIFO_R_Pointer_F2/R_ptr_reg[0]/CK(high)  0.22 -10.30 -10.52 (VIOLATED)
  FIFO_R_Pointer_F2/R_ptr_reg[1]/CK(high)  0.22 -10.30 -10.52 (VIOLATED)
  FIFO_R_Pointer_F2/R_ptr_reg[2]/CK(high)  0.22 -10.30 -10.52 (VIOLATED)
  FIFO_R_Pointer_F2/R_ptr_reg[3]/CK(high)  0.22 -10.30 -10.52 (VIOLATED)
  Sync_W2R_F5/Rq1_wptr_reg[0]/CK(high)  0.22 -10.30 -10.52 (VIOLATED)
  Sync_W2R_F5/Rq1_wptr_reg[1]/CK(high)  0.22 -10.30 -10.52 (VIOLATED)
  Sync_W2R_F5/Rq1_wptr_reg[2]/CK(high)  0.22 -10.30 -10.52 (VIOLATED)
  Sync_W2R_F5/Rq1_wptr_reg[3]/CK(high)  0.22 -10.30 -10.52 (VIOLATED)
  Sync_W2R_F5/Rq1_wptr_reg[4]/CK(high)  0.22 -10.30 -10.52 (VIOLATED)
  Sync_W2R_F5/Rq2_wptr_reg[0]/CK(high)  0.22 -10.30 -10.52 (VIOLATED)
  Sync_W2R_F5/Rq2_wptr_reg[1]/CK(high)  0.22 -10.30 -10.52 (VIOLATED)
  Sync_W2R_F5/Rq2_wptr_reg[2]/CK(high)  0.22 -10.30 -10.52 (VIOLATED)
  Sync_W2R_F5/Rq2_wptr_reg[3]/CK(high)  0.22 -10.30 -10.52 (VIOLATED)
  Sync_W2R_F5/Rq2_wptr_reg[4]/CK(high)  0.22 -10.30 -10.52 (VIOLATED)
  FIFO_R_Pointer_F2/Binary_R_ptr_reg[1]/CK(high)  0.21 -10.30 -10.51 (VIOLATED)
  FIFO_R_Pointer_F2/Binary_R_ptr_reg[4]/CK(high)  0.19 -10.30 -10.49 (VIOLATED)
  FIFO_R_Pointer_F2/Binary_R_ptr_reg[0]/CK(high)  0.16 -10.30 -10.46 (VIOLATED)
  FIFO_R_Pointer_F2/Binary_R_ptr_reg[2]/CK(high)  0.16 -10.30 -10.46 (VIOLATED)
  FIFO_R_Pointer_F2/Binary_R_ptr_reg[3]/CK(high)  0.16 -10.30 -10.46 (VIOLATED)

   min_period

                             Required        Actual
   Pin                      min period     min period        Slack
   ------------------------------------------------------------------
   FIFO_R_Pointer_F2/Binary_R_ptr_reg[0]/CK  1.00 -0.30      -1.30 (VIOLATED)
   FIFO_R_Pointer_F2/Binary_R_ptr_reg[1]/CK  1.00 -0.30      -1.30 (VIOLATED)
   FIFO_R_Pointer_F2/Binary_R_ptr_reg[2]/CK  1.00 -0.30      -1.30 (VIOLATED)
   FIFO_R_Pointer_F2/Binary_R_ptr_reg[3]/CK  1.00 -0.30      -1.30 (VIOLATED)
   FIFO_R_Pointer_F2/Binary_R_ptr_reg[4]/CK  1.00 -0.30      -1.30 (VIOLATED)
   FIFO_R_Pointer_F2/R_empty_reg/CK  1.00   -0.30            -1.30 (VIOLATED)
   FIFO_R_Pointer_F2/R_ptr_reg[0]/CK  1.00  -0.30            -1.30 (VIOLATED)
   FIFO_R_Pointer_F2/R_ptr_reg[1]/CK  1.00  -0.30            -1.30 (VIOLATED)
   FIFO_R_Pointer_F2/R_ptr_reg[2]/CK  1.00  -0.30            -1.30 (VIOLATED)
   FIFO_R_Pointer_F2/R_ptr_reg[3]/CK  1.00  -0.30            -1.30 (VIOLATED)
   Sync_W2R_F5/Rq1_wptr_reg[0]/CK  1.00     -0.30            -1.30 (VIOLATED)
   Sync_W2R_F5/Rq1_wptr_reg[1]/CK  1.00     -0.30            -1.30 (VIOLATED)
   Sync_W2R_F5/Rq1_wptr_reg[2]/CK  1.00     -0.30            -1.30 (VIOLATED)
   Sync_W2R_F5/Rq1_wptr_reg[3]/CK  1.00     -0.30            -1.30 (VIOLATED)
   Sync_W2R_F5/Rq1_wptr_reg[4]/CK  1.00     -0.30            -1.30 (VIOLATED)
   Sync_W2R_F5/Rq2_wptr_reg[0]/CK  1.00     -0.30            -1.30 (VIOLATED)
   Sync_W2R_F5/Rq2_wptr_reg[1]/CK  1.00     -0.30            -1.30 (VIOLATED)
   Sync_W2R_F5/Rq2_wptr_reg[2]/CK  1.00     -0.30            -1.30 (VIOLATED)
   Sync_W2R_F5/Rq2_wptr_reg[3]/CK  1.00     -0.30            -1.30 (VIOLATED)
   Sync_W2R_F5/Rq2_wptr_reg[4]/CK  1.00     -0.30            -1.30 (VIOLATED)

1
